Traceback (most recent call last):
  File "/root/autodl-tmp/RewardLens/code/rewardlens/scripts/paper_analysis_builder.py", line 149, in <module>
    if __name__=='__main__':main()
  File "/root/autodl-tmp/RewardLens/code/rewardlens/scripts/paper_analysis_builder.py", line 142, in main
    fields=['model_id','model_display_name','model_family','parameter_scale','factor','audit_n','audit_base_correct','audit_relevant_correct','audit_irrelevant_correct','base_accuracy','relevant_accuracy','irrelevant_accuracy','PFC','PSC','PFC_cond','PSC_cond','static_n','static_correct','static_accuracy','downstream_n','U_at_2','U_at_4','U_at_8','abstentions','abstention_rate','runtime_static_seconds','runtime_downstream_seconds','gpu_hours','checkpoint_revision','worker_hostname'];csv_write(OUT/'canonical_model_factor_metrics.csv',rows,fields);write_json(OUT/'canonical_model_factor_metrics.json',rows);csv_write(OUT/'model_summary.csv',summary);write_json(OUT/'model_summary.json',summary);csv_write(OUT/'confidence_intervals.csv',ci_table(rows));q2,pairs=analyses(rows,summary);csv_write(FOUR/'rq2_four_model_descriptive.csv',q2);write_json(FOUR/'rq2_four_model_descriptive.json',q2);csv_write(FOUR/'accuracy_matched_pairs.csv',pairs);(FOUR/'accuracy_matched_summary.md').write_text('# Accuracy-matched pairs\n\nPredeclared thresholds: |delta A| <= 1, 2, 3 percentage points. All qualifying pairs are retained in CSV; ranking is descriptive only.\n\n'+ '\n'.join('- %s vs %s, %s: |dA|=%.3f, dPFC=%.3f, dPSC=%.3f, dU8=%.3f'%(p['model_a'],p['model_b'],p['factor'],p['abs_delta_A'],p['delta_PFC'],p['delta_PSC'],p['delta_U8']) for p in pairs))
  File "/root/autodl-tmp/RewardLens/code/rewardlens/scripts/paper_analysis_builder.py", line 94, in analyses
    xx,yy=vals(x,xname); q2.append({'x':xname,'y':yname,'pearson':corr(xx,yy),'spearman':corr(xx,yy,True),'n_models':len(xx),'evidence':'DESCRIPTIVE, N=4 MODELS'})
  File "/root/autodl-tmp/RewardLens/code/rewardlens/scripts/paper_analysis_builder.py", line 90, in vals
    def vals(key,metric):return [r[key] for r in summary if r[key] is not None], [r[metric] for r in summary if r[metric] is not None]
  File "/root/autodl-tmp/RewardLens/code/rewardlens/scripts/paper_analysis_builder.py", line 90, in <listcomp>
    def vals(key,metric):return [r[key] for r in summary if r[key] is not None], [r[metric] for r in summary if r[metric] is not None]
KeyError: 'A'
Traceback (most recent call last):
  File "/root/autodl-tmp/RewardLens/code/rewardlens/scripts/paper_analysis_builder.py", line 149, in <module>
    if __name__=='__main__':main()
  File "/root/autodl-tmp/RewardLens/code/rewardlens/scripts/paper_analysis_builder.py", line 142, in main
    fields=['model_id','model_display_name','model_family','parameter_scale','factor','audit_n','audit_base_correct','audit_relevant_correct','audit_irrelevant_correct','base_accuracy','relevant_accuracy','irrelevant_accuracy','PFC','PSC','PFC_cond','PSC_cond','static_n','static_correct','static_accuracy','downstream_n','U_at_2','U_at_4','U_at_8','abstentions','abstention_rate','runtime_static_seconds','runtime_downstream_seconds','gpu_hours','checkpoint_revision','worker_hostname'];csv_write(OUT/'canonical_model_factor_metrics.csv',rows,fields);write_json(OUT/'canonical_model_factor_metrics.json',rows);csv_write(OUT/'model_summary.csv',summary);write_json(OUT/'model_summary.json',summary);csv_write(OUT/'confidence_intervals.csv',ci_table(rows));q2,pairs=analyses(rows,summary);csv_write(FOUR/'rq2_four_model_descriptive.csv',q2);write_json(FOUR/'rq2_four_model_descriptive.json',q2);csv_write(FOUR/'accuracy_matched_pairs.csv',pairs);(FOUR/'accuracy_matched_summary.md').write_text('# Accuracy-matched pairs\n\nPredeclared thresholds: |delta A| <= 1, 2, 3 percentage points. All qualifying pairs are retained in CSV; ranking is descriptive only.\n\n'+ '\n'.join('- %s vs %s, %s: |dA|=%.3f, dPFC=%.3f, dPSC=%.3f, dU8=%.3f'%(p['model_a'],p['model_b'],p['factor'],p['abs_delta_A'],p['delta_PFC'],p['delta_PSC'],p['delta_U8']) for p in pairs))
  File "/root/autodl-tmp/RewardLens/code/rewardlens/scripts/paper_analysis_builder.py", line 26, in csv_write
    p=Path(p);p.parent.mkdir(parents=True,exist_ok=True);fields=fields or list(rows[0]);
IndexError: list index out of range
